// Jest Snapshot v1, https://goo.gl/fbAQLP

exports[`renders Menu 1`] = `
ShallowWrapper {
  Symbol(enzyme.__root__): [Circular],
  Symbol(enzyme.__unrendered__): <Menu />,
  Symbol(enzyme.__renderer__): Object {
    "batchedUpdates": [Function],
    "checkPropTypes": [Function],
    "getNode": [Function],
    "render": [Function],
    "simulateError": [Function],
    "simulateEvent": [Function],
    "unmount": [Function],
  },
  Symbol(enzyme.__node__): Object {
    "instance": null,
    "key": undefined,
    "nodeType": "host",
    "props": Object {
      "children": Array [
        <section
          id="menu-text"
        >
          <h1>
            Get Your Brain Back!
          </h1>
          <p>
            Challenge your brain and improve your working memory. Inspired by 
            <a
              href="https://wikipedia.org/wiki/N-back"
              rel="noopener noreferrer"
              target="_blank"
            >
              n-back
            </a>
            .
          </p>
        </section>,
        <section
          id="menu-buttons"
        >
          <Link
            replace={false}
            to="/game"
          >
            <button
              className="btn green"
            >
              Play Game
            </button>
          </Link>
          <Link
            replace={false}
            to="/tutorial"
          >
            <button
              className="btn blue"
            >
              Play Tutorial
            </button>
          </Link>
          <Link
            replace={false}
            to="/settings"
          >
            <button
              className="btn orange"
            >
              Settings
            </button>
          </Link>
        </section>,
      ],
      "className": "center",
      "id": "menu",
    },
    "ref": null,
    "rendered": Array [
      Object {
        "instance": null,
        "key": undefined,
        "nodeType": "host",
        "props": Object {
          "children": Array [
            <h1>
              Get Your Brain Back!
            </h1>,
            <p>
              Challenge your brain and improve your working memory. Inspired by 
              <a
                href="https://wikipedia.org/wiki/N-back"
                rel="noopener noreferrer"
                target="_blank"
              >
                n-back
              </a>
              .
            </p>,
          ],
          "id": "menu-text",
        },
        "ref": null,
        "rendered": Array [
          Object {
            "instance": null,
            "key": undefined,
            "nodeType": "host",
            "props": Object {
              "children": "Get Your Brain Back!",
            },
            "ref": null,
            "rendered": "Get Your Brain Back!",
            "type": "h1",
          },
          Object {
            "instance": null,
            "key": undefined,
            "nodeType": "host",
            "props": Object {
              "children": Array [
                "Challenge your brain and improve your working memory. Inspired by ",
                <a
                  href="https://wikipedia.org/wiki/N-back"
                  rel="noopener noreferrer"
                  target="_blank"
                >
                  n-back
                </a>,
                ".",
              ],
            },
            "ref": null,
            "rendered": Array [
              "Challenge your brain and improve your working memory. Inspired by ",
              Object {
                "instance": null,
                "key": undefined,
                "nodeType": "host",
                "props": Object {
                  "children": "n-back",
                  "href": "https://wikipedia.org/wiki/N-back",
                  "rel": "noopener noreferrer",
                  "target": "_blank",
                },
                "ref": null,
                "rendered": "n-back",
                "type": "a",
              },
              ".",
            ],
            "type": "p",
          },
        ],
        "type": "section",
      },
      Object {
        "instance": null,
        "key": undefined,
        "nodeType": "host",
        "props": Object {
          "children": Array [
            <Link
              replace={false}
              to="/game"
            >
              <button
                className="btn green"
              >
                Play Game
              </button>
            </Link>,
            <Link
              replace={false}
              to="/tutorial"
            >
              <button
                className="btn blue"
              >
                Play Tutorial
              </button>
            </Link>,
            <Link
              replace={false}
              to="/settings"
            >
              <button
                className="btn orange"
              >
                Settings
              </button>
            </Link>,
          ],
          "id": "menu-buttons",
        },
        "ref": null,
        "rendered": Array [
          Object {
            "instance": null,
            "key": undefined,
            "nodeType": "class",
            "props": Object {
              "children": <button
                className="btn green"
              >
                Play Game
              </button>,
              "replace": false,
              "to": "/game",
            },
            "ref": null,
            "rendered": Object {
              "instance": null,
              "key": undefined,
              "nodeType": "host",
              "props": Object {
                "children": "Play Game",
                "className": "btn green",
                "onClick": undefined,
              },
              "ref": null,
              "rendered": "Play Game",
              "type": "button",
            },
            "type": [Function],
          },
          Object {
            "instance": null,
            "key": undefined,
            "nodeType": "class",
            "props": Object {
              "children": <button
                className="btn blue"
              >
                Play Tutorial
              </button>,
              "replace": false,
              "to": "/tutorial",
            },
            "ref": null,
            "rendered": Object {
              "instance": null,
              "key": undefined,
              "nodeType": "host",
              "props": Object {
                "children": "Play Tutorial",
                "className": "btn blue",
                "onClick": undefined,
              },
              "ref": null,
              "rendered": "Play Tutorial",
              "type": "button",
            },
            "type": [Function],
          },
          Object {
            "instance": null,
            "key": undefined,
            "nodeType": "class",
            "props": Object {
              "children": <button
                className="btn orange"
              >
                Settings
              </button>,
              "replace": false,
              "to": "/settings",
            },
            "ref": null,
            "rendered": Object {
              "instance": null,
              "key": undefined,
              "nodeType": "host",
              "props": Object {
                "children": "Settings",
                "className": "btn orange",
              },
              "ref": null,
              "rendered": "Settings",
              "type": "button",
            },
            "type": [Function],
          },
        ],
        "type": "section",
      },
    ],
    "type": "div",
  },
  Symbol(enzyme.__nodes__): Array [
    Object {
      "instance": null,
      "key": undefined,
      "nodeType": "host",
      "props": Object {
        "children": Array [
          <section
            id="menu-text"
          >
            <h1>
              Get Your Brain Back!
            </h1>
            <p>
              Challenge your brain and improve your working memory. Inspired by 
              <a
                href="https://wikipedia.org/wiki/N-back"
                rel="noopener noreferrer"
                target="_blank"
              >
                n-back
              </a>
              .
            </p>
          </section>,
          <section
            id="menu-buttons"
          >
            <Link
              replace={false}
              to="/game"
            >
              <button
                className="btn green"
              >
                Play Game
              </button>
            </Link>
            <Link
              replace={false}
              to="/tutorial"
            >
              <button
                className="btn blue"
              >
                Play Tutorial
              </button>
            </Link>
            <Link
              replace={false}
              to="/settings"
            >
              <button
                className="btn orange"
              >
                Settings
              </button>
            </Link>
          </section>,
        ],
        "className": "center",
        "id": "menu",
      },
      "ref": null,
      "rendered": Array [
        Object {
          "instance": null,
          "key": undefined,
          "nodeType": "host",
          "props": Object {
            "children": Array [
              <h1>
                Get Your Brain Back!
              </h1>,
              <p>
                Challenge your brain and improve your working memory. Inspired by 
                <a
                  href="https://wikipedia.org/wiki/N-back"
                  rel="noopener noreferrer"
                  target="_blank"
                >
                  n-back
                </a>
                .
              </p>,
            ],
            "id": "menu-text",
          },
          "ref": null,
          "rendered": Array [
            Object {
              "instance": null,
              "key": undefined,
              "nodeType": "host",
              "props": Object {
                "children": "Get Your Brain Back!",
              },
              "ref": null,
              "rendered": "Get Your Brain Back!",
              "type": "h1",
            },
            Object {
              "instance": null,
              "key": undefined,
              "nodeType": "host",
              "props": Object {
                "children": Array [
                  "Challenge your brain and improve your working memory. Inspired by ",
                  <a
                    href="https://wikipedia.org/wiki/N-back"
                    rel="noopener noreferrer"
                    target="_blank"
                  >
                    n-back
                  </a>,
                  ".",
                ],
              },
              "ref": null,
              "rendered": Array [
                "Challenge your brain and improve your working memory. Inspired by ",
                Object {
                  "instance": null,
                  "key": undefined,
                  "nodeType": "host",
                  "props": Object {
                    "children": "n-back",
                    "href": "https://wikipedia.org/wiki/N-back",
                    "rel": "noopener noreferrer",
                    "target": "_blank",
                  },
                  "ref": null,
                  "rendered": "n-back",
                  "type": "a",
                },
                ".",
              ],
              "type": "p",
            },
          ],
          "type": "section",
        },
        Object {
          "instance": null,
          "key": undefined,
          "nodeType": "host",
          "props": Object {
            "children": Array [
              <Link
                replace={false}
                to="/game"
              >
                <button
                  className="btn green"
                >
                  Play Game
                </button>
              </Link>,
              <Link
                replace={false}
                to="/tutorial"
              >
                <button
                  className="btn blue"
                >
                  Play Tutorial
                </button>
              </Link>,
              <Link
                replace={false}
                to="/settings"
              >
                <button
                  className="btn orange"
                >
                  Settings
                </button>
              </Link>,
            ],
            "id": "menu-buttons",
          },
          "ref": null,
          "rendered": Array [
            Object {
              "instance": null,
              "key": undefined,
              "nodeType": "class",
              "props": Object {
                "children": <button
                  className="btn green"
                >
                  Play Game
                </button>,
                "replace": false,
                "to": "/game",
              },
              "ref": null,
              "rendered": Object {
                "instance": null,
                "key": undefined,
                "nodeType": "host",
                "props": Object {
                  "children": "Play Game",
                  "className": "btn green",
                  "onClick": undefined,
                },
                "ref": null,
                "rendered": "Play Game",
                "type": "button",
              },
              "type": [Function],
            },
            Object {
              "instance": null,
              "key": undefined,
              "nodeType": "class",
              "props": Object {
                "children": <button
                  className="btn blue"
                >
                  Play Tutorial
                </button>,
                "replace": false,
                "to": "/tutorial",
              },
              "ref": null,
              "rendered": Object {
                "instance": null,
                "key": undefined,
                "nodeType": "host",
                "props": Object {
                  "children": "Play Tutorial",
                  "className": "btn blue",
                  "onClick": undefined,
                },
                "ref": null,
                "rendered": "Play Tutorial",
                "type": "button",
              },
              "type": [Function],
            },
            Object {
              "instance": null,
              "key": undefined,
              "nodeType": "class",
              "props": Object {
                "children": <button
                  className="btn orange"
                >
                  Settings
                </button>,
                "replace": false,
                "to": "/settings",
              },
              "ref": null,
              "rendered": Object {
                "instance": null,
                "key": undefined,
                "nodeType": "host",
                "props": Object {
                  "children": "Settings",
                  "className": "btn orange",
                },
                "ref": null,
                "rendered": "Settings",
                "type": "button",
              },
              "type": [Function],
            },
          ],
          "type": "section",
        },
      ],
      "type": "div",
    },
  ],
  Symbol(enzyme.__options__): Object {
    "adapter": ReactSixteenAdapter {
      "options": Object {
        "enableComponentDidUpdateOnSetState": true,
        "legacyContextMode": "parent",
        "lifecycles": Object {
          "componentDidUpdate": Object {
            "onSetState": true,
          },
          "getChildContext": Object {
            "calledByRenderer": false,
          },
          "getDerivedStateFromError": true,
          "getDerivedStateFromProps": Object {
            "hasShouldComponentUpdateBug": false,
          },
          "getSnapshotBeforeUpdate": true,
          "setState": Object {
            "skipsComponentDidUpdateOnNullish": true,
          },
        },
      },
    },
  },
  Symbol(enzyme.__childContext__): null,
}
`;
