// Jest Snapshot v1, https://goo.gl/fbAQLP

exports[`renders Tutorial 1`] = `
ShallowWrapper {
  Symbol(enzyme.__root__): [Circular],
  Symbol(enzyme.__unrendered__): <Tutorial
    tutorial={Object {}}
  />,
  Symbol(enzyme.__renderer__): Object {
    "batchedUpdates": [Function],
    "checkPropTypes": [Function],
    "getNode": [Function],
    "render": [Function],
    "simulateError": [Function],
    "simulateEvent": [Function],
    "unmount": [Function],
  },
  Symbol(enzyme.__node__): Object {
    "instance": null,
    "key": undefined,
    "nodeType": "host",
    "props": Object {
      "children": Array [
        <section
          className="tutorial-info"
        >
          <h1>
            Intro
          </h1>
          <p>
            <em>
              Get your brain back!
            </em>
             is a memory game where you need to remember the positions of the circles and the letters you hear. In this tutorial, you will get familiar with rounds, n, and matching.
          </p>
          <div
            className="tutorial-buttons"
          >
            <button
              className="btn"
            >
              Back
            </button>
            <button
              className="btn"
            >
              Next
            </button>
            <button
              className="btn"
            >
              Quit
            </button>
          </div>
        </section>,
        <escapeable
          letters={
            Array [
              1,
            ]
          }
          positions={
            Array [
              1,
            ]
          }
          tutorial={Object {}}
        />,
        <Redirect
          push={false}
          to="/"
        />,
      ],
      "className": "tutorial",
    },
    "ref": null,
    "rendered": Array [
      Object {
        "instance": null,
        "key": undefined,
        "nodeType": "host",
        "props": Object {
          "children": Array [
            <h1>
              Intro
            </h1>,
            <p>
              <em>
                Get your brain back!
              </em>
               is a memory game where you need to remember the positions of the circles and the letters you hear. In this tutorial, you will get familiar with rounds, n, and matching.
            </p>,
            <div
              className="tutorial-buttons"
            >
              <button
                className="btn"
              >
                Back
              </button>
              <button
                className="btn"
              >
                Next
              </button>
              <button
                className="btn"
              >
                Quit
              </button>
            </div>,
          ],
          "className": "tutorial-info",
        },
        "ref": null,
        "rendered": Array [
          Object {
            "instance": null,
            "key": undefined,
            "nodeType": "host",
            "props": Object {
              "children": "Intro",
            },
            "ref": null,
            "rendered": "Intro",
            "type": "h1",
          },
          Object {
            "instance": null,
            "key": undefined,
            "nodeType": "host",
            "props": Object {
              "children": Array [
                <em>
                  Get your brain back!
                </em>,
                " is a memory game where you need to remember the positions of the circles and the letters you hear. In this tutorial, you will get familiar with rounds, n, and matching.",
              ],
            },
            "ref": null,
            "rendered": Array [
              Object {
                "instance": null,
                "key": undefined,
                "nodeType": "host",
                "props": Object {
                  "children": "Get your brain back!",
                },
                "ref": null,
                "rendered": "Get your brain back!",
                "type": "em",
              },
              " is a memory game where you need to remember the positions of the circles and the letters you hear. In this tutorial, you will get familiar with rounds, n, and matching.",
            ],
            "type": "p",
          },
          Object {
            "instance": null,
            "key": undefined,
            "nodeType": "host",
            "props": Object {
              "children": Array [
                <button
                  className="btn"
                >
                  Back
                </button>,
                <button
                  className="btn"
                >
                  Next
                </button>,
                <button
                  className="btn"
                >
                  Quit
                </button>,
              ],
              "className": "tutorial-buttons",
            },
            "ref": null,
            "rendered": Array [
              Object {
                "instance": null,
                "key": undefined,
                "nodeType": "host",
                "props": Object {
                  "children": "Back",
                  "className": "btn",
                  "onClick": undefined,
                },
                "ref": null,
                "rendered": "Back",
                "type": "button",
              },
              Object {
                "instance": null,
                "key": undefined,
                "nodeType": "host",
                "props": Object {
                  "children": "Next",
                  "className": "btn",
                  "onClick": undefined,
                },
                "ref": null,
                "rendered": "Next",
                "type": "button",
              },
              Object {
                "instance": null,
                "key": undefined,
                "nodeType": "host",
                "props": Object {
                  "children": "Quit",
                  "className": "btn",
                  "onClick": undefined,
                },
                "ref": null,
                "rendered": "Quit",
                "type": "button",
              },
            ],
            "type": "div",
          },
        ],
        "type": "section",
      },
      Object {
        "instance": null,
        "key": undefined,
        "nodeType": "class",
        "props": Object {
          "letters": Array [
            1,
          ],
          "positions": Array [
            1,
          ],
          "tutorial": Object {},
        },
        "ref": null,
        "rendered": null,
        "type": [Function],
      },
      Object {
        "instance": null,
        "key": undefined,
        "nodeType": "class",
        "props": Object {
          "push": false,
          "to": "/",
        },
        "ref": null,
        "rendered": null,
        "type": [Function],
      },
    ],
    "type": "div",
  },
  Symbol(enzyme.__nodes__): Array [
    Object {
      "instance": null,
      "key": undefined,
      "nodeType": "host",
      "props": Object {
        "children": Array [
          <section
            className="tutorial-info"
          >
            <h1>
              Intro
            </h1>
            <p>
              <em>
                Get your brain back!
              </em>
               is a memory game where you need to remember the positions of the circles and the letters you hear. In this tutorial, you will get familiar with rounds, n, and matching.
            </p>
            <div
              className="tutorial-buttons"
            >
              <button
                className="btn"
              >
                Back
              </button>
              <button
                className="btn"
              >
                Next
              </button>
              <button
                className="btn"
              >
                Quit
              </button>
            </div>
          </section>,
          <escapeable
            letters={
              Array [
                1,
              ]
            }
            positions={
              Array [
                1,
              ]
            }
            tutorial={Object {}}
          />,
          <Redirect
            push={false}
            to="/"
          />,
        ],
        "className": "tutorial",
      },
      "ref": null,
      "rendered": Array [
        Object {
          "instance": null,
          "key": undefined,
          "nodeType": "host",
          "props": Object {
            "children": Array [
              <h1>
                Intro
              </h1>,
              <p>
                <em>
                  Get your brain back!
                </em>
                 is a memory game where you need to remember the positions of the circles and the letters you hear. In this tutorial, you will get familiar with rounds, n, and matching.
              </p>,
              <div
                className="tutorial-buttons"
              >
                <button
                  className="btn"
                >
                  Back
                </button>
                <button
                  className="btn"
                >
                  Next
                </button>
                <button
                  className="btn"
                >
                  Quit
                </button>
              </div>,
            ],
            "className": "tutorial-info",
          },
          "ref": null,
          "rendered": Array [
            Object {
              "instance": null,
              "key": undefined,
              "nodeType": "host",
              "props": Object {
                "children": "Intro",
              },
              "ref": null,
              "rendered": "Intro",
              "type": "h1",
            },
            Object {
              "instance": null,
              "key": undefined,
              "nodeType": "host",
              "props": Object {
                "children": Array [
                  <em>
                    Get your brain back!
                  </em>,
                  " is a memory game where you need to remember the positions of the circles and the letters you hear. In this tutorial, you will get familiar with rounds, n, and matching.",
                ],
              },
              "ref": null,
              "rendered": Array [
                Object {
                  "instance": null,
                  "key": undefined,
                  "nodeType": "host",
                  "props": Object {
                    "children": "Get your brain back!",
                  },
                  "ref": null,
                  "rendered": "Get your brain back!",
                  "type": "em",
                },
                " is a memory game where you need to remember the positions of the circles and the letters you hear. In this tutorial, you will get familiar with rounds, n, and matching.",
              ],
              "type": "p",
            },
            Object {
              "instance": null,
              "key": undefined,
              "nodeType": "host",
              "props": Object {
                "children": Array [
                  <button
                    className="btn"
                  >
                    Back
                  </button>,
                  <button
                    className="btn"
                  >
                    Next
                  </button>,
                  <button
                    className="btn"
                  >
                    Quit
                  </button>,
                ],
                "className": "tutorial-buttons",
              },
              "ref": null,
              "rendered": Array [
                Object {
                  "instance": null,
                  "key": undefined,
                  "nodeType": "host",
                  "props": Object {
                    "children": "Back",
                    "className": "btn",
                    "onClick": undefined,
                  },
                  "ref": null,
                  "rendered": "Back",
                  "type": "button",
                },
                Object {
                  "instance": null,
                  "key": undefined,
                  "nodeType": "host",
                  "props": Object {
                    "children": "Next",
                    "className": "btn",
                    "onClick": undefined,
                  },
                  "ref": null,
                  "rendered": "Next",
                  "type": "button",
                },
                Object {
                  "instance": null,
                  "key": undefined,
                  "nodeType": "host",
                  "props": Object {
                    "children": "Quit",
                    "className": "btn",
                    "onClick": undefined,
                  },
                  "ref": null,
                  "rendered": "Quit",
                  "type": "button",
                },
              ],
              "type": "div",
            },
          ],
          "type": "section",
        },
        Object {
          "instance": null,
          "key": undefined,
          "nodeType": "class",
          "props": Object {
            "letters": Array [
              1,
            ],
            "positions": Array [
              1,
            ],
            "tutorial": Object {},
          },
          "ref": null,
          "rendered": null,
          "type": [Function],
        },
        Object {
          "instance": null,
          "key": undefined,
          "nodeType": "class",
          "props": Object {
            "push": false,
            "to": "/",
          },
          "ref": null,
          "rendered": null,
          "type": [Function],
        },
      ],
      "type": "div",
    },
  ],
  Symbol(enzyme.__options__): Object {
    "adapter": ReactSixteenAdapter {
      "options": Object {
        "enableComponentDidUpdateOnSetState": true,
        "legacyContextMode": "parent",
        "lifecycles": Object {
          "componentDidUpdate": Object {
            "onSetState": true,
          },
          "getChildContext": Object {
            "calledByRenderer": false,
          },
          "getDerivedStateFromError": true,
          "getDerivedStateFromProps": Object {
            "hasShouldComponentUpdateBug": false,
          },
          "getSnapshotBeforeUpdate": true,
          "setState": Object {
            "skipsComponentDidUpdateOnNullish": true,
          },
        },
      },
    },
  },
  Symbol(enzyme.__childContext__): null,
}
`;
